[      54ms] [ERROR] Failed to load resource: the server responded with a status of 400 (Bad Request) @ http://localhost:3002/_next/static/chunks/app/(exploration)/gaps/page-5c43ea83ae4daa07.js:0
[      68ms] ChunkLoadError: Loading chunk 751 failed.
(error: http://localhost:3002/_next/static/chunks/app/(exploration)/gaps/page-5c43ea83ae4daa07.js)
    at Object.j (http://localhost:3002/_next/static/chunks/webpack-615cfa6e4c6d425c.js:1:2822)
    at http://localhost:3002/_next/static/chunks/webpack-615cfa6e4c6d425c.js:1:1211
    at Array.reduce (<anonymous>)
    at r.e (http://localhost:3002/_next/static/chunks/webpack-615cfa6e4c6d425c.js:1:1190)
    at c (http://localhost:3002/_next/static/chunks/255-37e0f0325134c4d7.js:1:136757)
    at http://localhost:3002/_next/static/chunks/255-37e0f0325134c4d7.js:1:151677
    at t (http://localhost:3002/_next/static/chunks/255-37e0f0325134c4d7.js:1:153135)
[    4994ms] [ERROR] Failed to load resource: the server responded with a status of 400 (Bad Request) @ http://localhost:3002/_next/static/chunks/app/(exploration)/gaps/page-5c43ea83ae4daa07.js:0
[    5005ms] ChunkLoadError: Loading chunk 751 failed.
(error: http://localhost:3002/_next/static/chunks/app/(exploration)/gaps/page-5c43ea83ae4daa07.js)
    at Object.j (http://localhost:3002/_next/static/chunks/webpack-615cfa6e4c6d425c.js:1:2822)
    at http://localhost:3002/_next/static/chunks/webpack-615cfa6e4c6d425c.js:1:1211
    at Array.reduce (<anonymous>)
    at r.e (http://localhost:3002/_next/static/chunks/webpack-615cfa6e4c6d425c.js:1:1190)
    at c (http://localhost:3002/_next/static/chunks/255-37e0f0325134c4d7.js:1:136757)
    at http://localhost:3002/_next/static/chunks/255-37e0f0325134c4d7.js:1:151677
    at t (http://localhost:3002/_next/static/chunks/255-37e0f0325134c4d7.js:1:153135)
[    5608ms] [ERROR] Failed to load resource: the server responded with a status of 400 (Bad Request) @ http://localhost:3002/_next/static/chunks/app/(exploration)/gaps/page-5c43ea83ae4daa07.js:0
[    5619ms] ChunkLoadError: Loading chunk 751 failed.
(error: http://localhost:3002/_next/static/chunks/app/(exploration)/gaps/page-5c43ea83ae4daa07.js)
    at Object.j (http://localhost:3002/_next/static/chunks/webpack-615cfa6e4c6d425c.js:1:2822)
    at http://localhost:3002/_next/static/chunks/webpack-615cfa6e4c6d425c.js:1:1211
    at Array.reduce (<anonymous>)
    at r.e (http://localhost:3002/_next/static/chunks/webpack-615cfa6e4c6d425c.js:1:1190)
    at c (http://localhost:3002/_next/static/chunks/255-37e0f0325134c4d7.js:1:136757)
    at http://localhost:3002/_next/static/chunks/255-37e0f0325134c4d7.js:1:151677
    at t (http://localhost:3002/_next/static/chunks/255-37e0f0325134c4d7.js:1:153135)
[    5865ms] [ERROR] Failed to load resource: the server responded with a status of 400 (Bad Request) @ http://localhost:3002/_next/static/chunks/app/(exploration)/gaps/page-5c43ea83ae4daa07.js:0
[    5877ms] ChunkLoadError: Loading chunk 751 failed.
(error: http://localhost:3002/_next/static/chunks/app/(exploration)/gaps/page-5c43ea83ae4daa07.js)
    at Object.j (http://localhost:3002/_next/static/chunks/webpack-615cfa6e4c6d425c.js:1:2822)
    at http://localhost:3002/_next/static/chunks/webpack-615cfa6e4c6d425c.js:1:1211
    at Array.reduce (<anonymous>)
    at r.e (http://localhost:3002/_next/static/chunks/webpack-615cfa6e4c6d425c.js:1:1190)
    at c (http://localhost:3002/_next/static/chunks/255-37e0f0325134c4d7.js:1:136757)
    at http://localhost:3002/_next/static/chunks/255-37e0f0325134c4d7.js:1:151677
    at t (http://localhost:3002/_next/static/chunks/255-37e0f0325134c4d7.js:1:153135)
[    6072ms] [ERROR] Failed to load resource: the server responded with a status of 400 (Bad Request) @ http://localhost:3002/_next/static/chunks/app/(exploration)/gaps/page-5c43ea83ae4daa07.js:0
[    6083ms] ChunkLoadError: Loading chunk 751 failed.
(error: http://localhost:3002/_next/static/chunks/app/(exploration)/gaps/page-5c43ea83ae4daa07.js)
    at Object.j (http://localhost:3002/_next/static/chunks/webpack-615cfa6e4c6d425c.js:1:2822)
    at http://localhost:3002/_next/static/chunks/webpack-615cfa6e4c6d425c.js:1:1211
    at Array.reduce (<anonymous>)
    at r.e (http://localhost:3002/_next/static/chunks/webpack-615cfa6e4c6d425c.js:1:1190)
    at c (http://localhost:3002/_next/static/chunks/255-37e0f0325134c4d7.js:1:136757)
    at http://localhost:3002/_next/static/chunks/255-37e0f0325134c4d7.js:1:151677
    at t (http://localhost:3002/_next/static/chunks/255-37e0f0325134c4d7.js:1:153135)
[    6252ms] [ERROR] Failed to load resource: the server responded with a status of 400 (Bad Request) @ http://localhost:3002/_next/static/chunks/app/(exploration)/gaps/page-5c43ea83ae4daa07.js:0
[    6262ms] ChunkLoadError: Loading chunk 751 failed.
(error: http://localhost:3002/_next/static/chunks/app/(exploration)/gaps/page-5c43ea83ae4daa07.js)
    at Object.j (http://localhost:3002/_next/static/chunks/webpack-615cfa6e4c6d425c.js:1:2822)
    at http://localhost:3002/_next/static/chunks/webpack-615cfa6e4c6d425c.js:1:1211
    at Array.reduce (<anonymous>)
    at r.e (http://localhost:3002/_next/static/chunks/webpack-615cfa6e4c6d425c.js:1:1190)
    at c (http://localhost:3002/_next/static/chunks/255-37e0f0325134c4d7.js:1:136757)
    at http://localhost:3002/_next/static/chunks/255-37e0f0325134c4d7.js:1:151677
    at t (http://localhost:3002/_next/static/chunks/255-37e0f0325134c4d7.js:1:153135)
[    6436ms] [ERROR] Failed to load resource: the server responded with a status of 400 (Bad Request) @ http://localhost:3002/_next/static/chunks/app/(exploration)/gaps/page-5c43ea83ae4daa07.js:0
[    6446ms] ChunkLoadError: Loading chunk 751 failed.
(error: http://localhost:3002/_next/static/chunks/app/(exploration)/gaps/page-5c43ea83ae4daa07.js)
    at Object.j (http://localhost:3002/_next/static/chunks/webpack-615cfa6e4c6d425c.js:1:2822)
    at http://localhost:3002/_next/static/chunks/webpack-615cfa6e4c6d425c.js:1:1211
    at Array.reduce (<anonymous>)
    at r.e (http://localhost:3002/_next/static/chunks/webpack-615cfa6e4c6d425c.js:1:1190)
    at c (http://localhost:3002/_next/static/chunks/255-37e0f0325134c4d7.js:1:136757)
    at http://localhost:3002/_next/static/chunks/255-37e0f0325134c4d7.js:1:151677
    at t (http://localhost:3002/_next/static/chunks/255-37e0f0325134c4d7.js:1:153135)
[    6621ms] [ERROR] Failed to load resource: the server responded with a status of 400 (Bad Request) @ http://localhost:3002/_next/static/chunks/app/(exploration)/gaps/page-5c43ea83ae4daa07.js:0
[    6632ms] ChunkLoadError: Loading chunk 751 failed.
(error: http://localhost:3002/_next/static/chunks/app/(exploration)/gaps/page-5c43ea83ae4daa07.js)
    at Object.j (http://localhost:3002/_next/static/chunks/webpack-615cfa6e4c6d425c.js:1:2822)
    at http://localhost:3002/_next/static/chunks/webpack-615cfa6e4c6d425c.js:1:1211
    at Array.reduce (<anonymous>)
    at r.e (http://localhost:3002/_next/static/chunks/webpack-615cfa6e4c6d425c.js:1:1190)
    at c (http://localhost:3002/_next/static/chunks/255-37e0f0325134c4d7.js:1:136757)
    at http://localhost:3002/_next/static/chunks/255-37e0f0325134c4d7.js:1:151677
    at t (http://localhost:3002/_next/static/chunks/255-37e0f0325134c4d7.js:1:153135)
[    6804ms] [ERROR] Failed to load resource: the server responded with a status of 400 (Bad Request) @ http://localhost:3002/_next/static/chunks/app/(exploration)/gaps/page-5c43ea83ae4daa07.js:0
[    6814ms] ChunkLoadError: Loading chunk 751 failed.
(error: http://localhost:3002/_next/static/chunks/app/(exploration)/gaps/page-5c43ea83ae4daa07.js)
    at Object.j (http://localhost:3002/_next/static/chunks/webpack-615cfa6e4c6d425c.js:1:2822)
    at http://localhost:3002/_next/static/chunks/webpack-615cfa6e4c6d425c.js:1:1211
    at Array.reduce (<anonymous>)
    at r.e (http://localhost:3002/_next/static/chunks/webpack-615cfa6e4c6d425c.js:1:1190)
    at c (http://localhost:3002/_next/static/chunks/255-37e0f0325134c4d7.js:1:136757)
    at http://localhost:3002/_next/static/chunks/255-37e0f0325134c4d7.js:1:151677
    at t (http://localhost:3002/_next/static/chunks/255-37e0f0325134c4d7.js:1:153135)
